#-----------------------------------------------------------
# xsim v2023.1 (64-bit)
# SW Build 3865809 on Sun May  7 15:04:56 MDT 2023
# IP Build 3864474 on Sun May  7 20:36:21 MDT 2023
# SharedData Build 3865790 on Sun May 07 13:33:03 MDT 2023
# Start of session at: Tue Jun 17 16:36:46 2025
# Process ID: 587213
# Current directory: /mada/users/rorprasa/Documents/matrix_mul/.run/587125/hw_emu/device0/binary_0/behav_waveform/xsim
# Command line: xsim -log simulate.log -mode tcl -source {xsim.dir/pfm_top_wrapper_behav/xsim_script.tcl}
# Log file: /mada/users/rorprasa/Documents/matrix_mul/.run/587125/hw_emu/device0/binary_0/behav_waveform/xsim/simulate.log
# Journal file: /mada/users/rorprasa/Documents/matrix_mul/.run/587125/hw_emu/device0/binary_0/behav_waveform/xsim/xsim.jou
# Running On: eq1, OS: Linux, CPU Frequency: 3000.000 MHz, CPU Physical cores: 24, Host memory: 134794 MB
#-----------------------------------------------------------
source xsim.dir/pfm_top_wrapper_behav/xsim_script.tcl
source pfm_top_wrapper.tcl
